
> @vben-core/form-ui@5.5.9 build /Users/john/Workspace/github/gqcn/openspec-demo/frontend/packages/@core/ui-kit/form-ui
> pnpm unbuild

ℹ Building form-ui
ℹ Cleaning dist directory: ./dist
[mkdist] vue-sfc-transformer is not installed. mkdist will not transform typescript syntax in Vue SFCs.
✔ Build succeeded for form-ui
  dist (total size: 41.9 kB)
  └─ dist/vben-form.vue (2.05 kB)
  └─ dist/components/form-actions.vue (4.33 kB)
  └─ dist/form-render/form-field.d.vue.ts (894 B)
  └─ dist/vben-use-form.vue.d.ts (1.22 kB)
  └─ dist/vben-use-form.d.vue.ts (1.22 kB)
  └─ dist/vben-use-form.vue (4.67 kB)
  └─ dist/components/form-actions.vue.d.ts (1.42 kB)
  └─ dist/vben-form.d.vue.ts (1.44 kB)
  └─ dist/form-render/form-label.d.vue.ts (823 B)
  └─ dist/form-render/form-field.vue (10.5 kB)
  └─ dist/form-render/form-field.vue.d.ts (894 B)
  └─ dist/components/form-actions.d.vue.ts (1.42 kB)
  └─ dist/form-render/form.vue.d.ts (1.26 kB)
  └─ dist/vben-form.vue.d.ts (1.44 kB)
  └─ dist/form-render/form-label.vue (862 B)
  └─ dist/form-render/form.vue (5.31 kB)
  └─ dist/form-render/form.d.vue.ts (1.26 kB)
  └─ dist/form-render/form-label.vue.d.ts (823 B)
  dist (total size: 55.5 kB)
  └─ dist/types.mjs
  └─ dist/config.mjs (1.76 kB)
  └─ dist/index.d.ts (218 B)
  └─ dist/form-api.mjs (13.8 kB)
  └─ dist/form-api.d.ts (3.03 kB)
  └─ dist/index.mjs (109 B)
  └─ dist/types.d.ts (10.8 kB)
  └─ dist/use-form-context.mjs (2.72 kB)
  └─ dist/form-render/dependencies.mjs (2.93 kB)
  └─ dist/use-vben-form.mjs (993 B)
  └─ dist/config.d.ts (512 B)
  └─ dist/use-form-context.d.ts (1.24 kB)
  └─ dist/use-vben-form.d.ts (389 B)
  └─ dist/form-render/expandable.d.ts (332 B)
  └─ dist/form-render/index.d.ts (160 B)
  └─ dist/form-render/expandable.mjs (2.28 kB)
  └─ dist/form-render/dependencies.d.ts (11 kB)
  └─ dist/form-render/index.mjs (160 B)
  └─ dist/form-render/helper.mjs (987 B)
  └─ dist/form-render/context.d.ts (927 B)
  └─ dist/form-render/context.mjs (591 B)
  └─ dist/form-render/helper.d.ts (527 B)
Σ Total dist size (byte size): 97.4 kB

