
> @vben-core/tabs-ui@5.5.9 build /Users/john/Workspace/github/gqcn/openspec-demo/frontend/packages/@core/ui-kit/tabs-ui
> pnpm unbuild

ℹ Building tabs-ui
ℹ Cleaning dist directory: ./dist
[mkdist] vue-sfc-transformer is not installed. mkdist will not transform typescript syntax in Vue SFCs.
src/use-tabs-view-scroll.ts(11,17): error TS4058: Return type of exported function has or is using name 'Props' from external module "/Users/john/Workspace/github/gqcn/openspec-demo/frontend/packages/@core/ui-kit/shadcn-ui/src/components/scrollbar/scrollbar.vue" but cannot be named.

✔ Build succeeded for tabs-ui
  dist (total size: 23.7 kB)
  └─ dist/tabs-view.vue.d.ts (969 B)
  └─ dist/tabs-view.vue (2.66 kB)
  └─ dist/tabs-view.d.vue.ts (969 B)
  └─ dist/components/tabs-chrome/tabs.vue.d.ts (1.16 kB)
  └─ dist/components/tabs/tabs.vue.d.ts (1.14 kB)
  └─ dist/components/tabs-chrome/tabs.vue (6.41 kB)
  └─ dist/components/tabs/tabs.d.vue.ts (1.14 kB)
  └─ dist/components/widgets/tool-more.d.vue.ts (463 B)
  └─ dist/components/tabs/tabs.vue (4.91 kB)
  └─ dist/components/widgets/tool-screen.vue.d.ts (586 B)
  └─ dist/components/widgets/tool-more.vue (556 B)
  └─ dist/components/widgets/tool-screen.vue (515 B)
  └─ dist/components/tabs-chrome/tabs.d.vue.ts (1.16 kB)
  └─ dist/components/widgets/tool-more.vue.d.ts (463 B)
  └─ dist/components/widgets/tool-screen.d.vue.ts (586 B)
  dist (total size: 9.49 kB)
  └─ dist/types.mjs
  └─ dist/index.mjs (103 B)
  └─ dist/types.d.ts (1.4 kB)
  └─ dist/index.d.ts (155 B)
  └─ dist/use-tabs-drag.d.ts (171 B)
  └─ dist/use-tabs-view-scroll.d.ts (571 B)
  └─ dist/use-tabs-drag.mjs (2.69 kB)
  └─ dist/components/index.d.ts (115 B)
  └─ dist/components/widgets/index.mjs (122 B)
  └─ dist/components/index.mjs (115 B)
  └─ dist/components/widgets/index.d.ts (122 B)
  └─ dist/use-tabs-view-scroll.mjs (3.92 kB)
Σ Total dist size (byte size): 33.2 kB

