
> @vben-core/menu-ui@5.5.9 build /Users/john/Workspace/github/gqcn/openspec-demo/frontend/packages/@core/ui-kit/menu-ui
> pnpm unbuild

ℹ Building menu-ui
ℹ Cleaning dist directory: ./dist
[mkdist] vue-sfc-transformer is not installed. mkdist will not transform typescript syntax in Vue SFCs.
✔ Build succeeded for menu-ui
  dist (total size: 70.7 kB)
  └─ dist/types.mjs
  └─ dist/components/normal-menu/normal-menu.mjs
  └─ dist/hooks/index.d.ts (64 B)
  └─ dist/utils/index.d.ts (668 B)
  └─ dist/index.mjs (166 B)
  └─ dist/index.d.ts (186 B)
  └─ dist/menu.vue.d.ts (565 B)
  └─ dist/sub-menu.vue.d.ts (511 B)
  └─ dist/menu.d.vue.ts (565 B)
  └─ dist/menu.vue (653 B)
  └─ dist/sub-menu.d.vue.ts (511 B)
  └─ dist/components/collapse-transition.vue.d.ts (622 B)
  └─ dist/components/collapse-transition.vue (2.59 kB)
  └─ dist/types.d.ts (2.92 kB)
  └─ dist/components/menu-badge-dot.d.vue.ts (543 B)
  └─ dist/components/menu-badge-dot.vue.d.ts (543 B)
  └─ dist/components/menu-badge-dot.vue (597 B)
  └─ dist/components/menu-badge.d.vue.ts (512 B)
  └─ dist/components/menu-badge.vue.d.ts (512 B)
  └─ dist/components/menu-badge.vue (1.36 kB)
  └─ dist/components/normal-menu/index.d.ts (95 B)
  └─ dist/components/menu-item.vue.d.ts (1.14 kB)
  └─ dist/components/menu.d.vue.ts (1.28 kB)
  └─ dist/sub-menu.vue (1.61 kB)
  └─ dist/components/index.d.ts (211 B)
  └─ dist/components/menu-item.d.vue.ts (1.14 kB)
  └─ dist/components/sub-menu-content.vue (2.31 kB)
  └─ dist/components/sub-menu.vue.d.ts (1.06 kB)
  └─ dist/components/sub-menu.vue (6.87 kB)
  └─ dist/components/sub-menu.d.vue.ts (1.06 kB)
  └─ dist/components/sub-menu-content.vue.d.ts (908 B)
  └─ dist/components/sub-menu-content.d.vue.ts (908 B)
  └─ dist/hooks/index.mjs (72 B)
  └─ dist/hooks/use-menu-context.d.ts (562 B)
  └─ dist/hooks/use-menu-context.mjs (990 B)
  └─ dist/hooks/use-menu-scroll.d.ts (284 B)
  └─ dist/hooks/use-menu.d.ts (376 B)
  └─ dist/components/normal-menu/index.mjs (59 B)
  └─ dist/hooks/use-menu-scroll.mjs (848 B)
  └─ dist/hooks/use-menu.mjs (914 B)
  └─ dist/components/normal-menu/normal-menu.vue.d.ts (846 B)
  └─ dist/components/normal-menu/normal-menu.vue (3.59 kB)
  └─ dist/components/menu-item.vue (3.02 kB)
  └─ dist/components/menu.vue.d.ts (1.28 kB)
  └─ dist/components/normal-menu/normal-menu.d.vue.ts (846 B)
  └─ dist/components/index.mjs (211 B)
  └─ dist/components/normal-menu/normal-menu.d.ts (456 B)
  └─ dist/utils/index.mjs (844 B)
  └─ dist/components/menu.vue (22.2 kB)
  └─ dist/components/collapse-transition.d.vue.ts (622 B)
  dist (total size: 60.7 kB)
  └─ dist/sub-menu.vue (1.61 kB)
  └─ dist/menu.vue (653 B)
  └─ dist/menu.vue.d.ts (565 B)
  └─ dist/components/collapse-transition.d.vue.ts (622 B)
  └─ dist/components/collapse-transition.vue.d.ts (622 B)
  └─ dist/sub-menu.d.vue.ts (511 B)
  └─ dist/menu.d.vue.ts (565 B)
  └─ dist/components/menu-badge-dot.vue.d.ts (543 B)
  └─ dist/sub-menu.vue.d.ts (511 B)
  └─ dist/components/menu-item.vue.d.ts (1.14 kB)
  └─ dist/components/collapse-transition.vue (2.59 kB)
  └─ dist/components/menu-badge-dot.d.vue.ts (543 B)
  └─ dist/components/menu-badge.d.vue.ts (512 B)
  └─ dist/components/menu-badge.vue.d.ts (512 B)
  └─ dist/components/menu-item.d.vue.ts (1.14 kB)
  └─ dist/components/menu-badge-dot.vue (597 B)
  └─ dist/components/sub-menu-content.d.vue.ts (908 B)
  └─ dist/components/menu.d.vue.ts (1.28 kB)
  └─ dist/components/menu-item.vue (3.02 kB)
  └─ dist/components/menu.vue.d.ts (1.28 kB)
  └─ dist/components/sub-menu.vue.d.ts (1.06 kB)
  └─ dist/components/sub-menu-content.vue.d.ts (908 B)
  └─ dist/components/menu-badge.vue (1.36 kB)
  └─ dist/components/sub-menu.d.vue.ts (1.06 kB)
  └─ dist/components/sub-menu.vue (6.87 kB)
  └─ dist/components/normal-menu/normal-menu.vue.d.ts (846 B)
  └─ dist/components/sub-menu-content.vue (2.31 kB)
  └─ dist/components/normal-menu/normal-menu.d.vue.ts (846 B)
  └─ dist/components/normal-menu/normal-menu.vue (3.59 kB)
  └─ dist/components/menu.vue (22.2 kB)
  dist (total size: 9.93 kB)
  └─ dist/types.mjs
  └─ dist/components/normal-menu/normal-menu.mjs
  └─ dist/index.mjs (166 B)
  └─ dist/hooks/index.mjs (72 B)
  └─ dist/hooks/use-menu-scroll.mjs (848 B)
  └─ dist/hooks/use-menu.d.ts (376 B)
  └─ dist/hooks/use-menu-context.d.ts (562 B)
  └─ dist/types.d.ts (2.92 kB)
  └─ dist/hooks/use-menu-scroll.d.ts (284 B)
  └─ dist/hooks/use-menu-context.mjs (990 B)
  └─ dist/hooks/index.d.ts (64 B)
  └─ dist/hooks/use-menu.mjs (914 B)
  └─ dist/components/index.mjs (211 B)
  └─ dist/components/normal-menu/index.mjs (59 B)
  └─ dist/components/index.d.ts (211 B)
  └─ dist/utils/index.d.ts (668 B)
  └─ dist/utils/index.mjs (844 B)
  └─ dist/index.d.ts (186 B)
  └─ dist/components/normal-menu/index.d.ts (95 B)
  └─ dist/components/normal-menu/normal-menu.d.ts (456 B)
Σ Total dist size (byte size): 70.7 kB

